0x00010000 - 57000000 - .string "What is your name?\n"
0x00010004 - 68000000 -
0x00010008 - 61000000 -
0x0001000C - 74000000 -
0x00010010 - 20000000 -
0x00010014 - 69000000 -
0x00010018 - 73000000 -
0x0001001C - 20000000 -
0x00010020 - 79000000 -
0x00010024 - 6F000000 -
0x00010028 - 75000000 -
0x0001002C - 72000000 -
0x00010030 - 20000000 -
0x00010034 - 6E000000 -
0x00010038 - 61000000 -
0x0001003C - 6D000000 -
0x00010040 - 65000000 -
0x00010044 - 3F000000 -
0x00010048 - 0A000000 -
0x0001004C - 00000000 -
0x00010050 - 48000000 - .string "Hello, "
0x00010054 - 65000000 -
0x00010058 - 6C000000 -
0x0001005C - 6C000000 -
0x00010060 - 6F000000 -
0x00010064 - 2C000000 -
0x00010068 - 20000000 -
0x0001006C - 00000000 -
0x00010070 - 21000000 - .string "!\n"
0x00010074 - 0A000000 -
0x00010078 - 00000000 -
0x0001007C - 84000100 - .word name_buf
0x00010080 - 00000000 - .word 0
0x00010084 - 00000000 - .word 0,0,0,0,0,0,0,0,0,0
0x00010088 - 00000000 -
0x0001008C - 00000000 -
0x00010090 - 00000000 -
0x00010094 - 00000000 -
0x00010098 - 00000000 -
0x0001009C - 00000000 -
0x000100A0 - 00000000 -
0x000100A4 - 00000000 -
0x000100A8 - 00000000 -
0x00000000 - 0080006F - jal zero, start
0x00000004 - 0680006F - jal zero, isr
0x00000008 - 00010437 - lui s0, %hi(prompt_msg)
0x0000000C - 00040413 - addi s0, s0, %lo(prompt_msg)
0x00000010 - 044000EF - jal ra, print_string
0x00000014 - 00100073 - ei
0x00000018 - 000102B7 - lui t0, %hi(input_done)
0x0000001C - 08028293 - addi t0, t0, %lo(input_done)
0x00000020 - 0002A303 - lw t1, 0(t0)
0x00000024 - FE030AE3 - beq t1, zero, wait_input
0x00000028 - 00200073 - di
0x0000002C - 00010437 - lui s0, %hi(hello_msg)
0x00000030 - 05040413 - addi s0, s0, %lo(hello_msg)
0x00000034 - 020000EF - jal ra, print_string
0x00000038 - 00010437 - lui s0, %hi(name_buf)
0x0000003C - 08440413 - addi s0, s0, %lo(name_buf)
0x00000040 - 014000EF - jal ra, print_string
0x00000044 - 00010437 - lui s0, %hi(excl_msg)
0x00000048 - 07040413 - addi s0, s0, %lo(excl_msg)
0x0000004C - 008000EF - jal ra, print_string
0x00000050 - 00000073 - halt
0x00000054 - 00042503 - lw a0, 0(s0)
0x00000058 - 00050863 - beq a0, zero, end_print_string
0x0000005C - 00A03073 - out a0, 0
0x00000060 - 00440413 - addi s0, s0, 4
0x00000064 - FF1FF06F - jal zero, print_string
0x00000068 - 00008067 - jal zero, 0(ra)
0x0000006C - 00102F73 - in t5, 1
0x00000070 - 00010FB7 - lui t6, %hi(name_ptr)
0x00000074 - 07CF8F93 - addi t6, t6, %lo(name_ptr)
0x00000078 - 000FAE83 - lw t4, 0(t6)
0x0000007C - 01EEA023 - sw t5, 0(t4)
0x00000080 - 00A00393 - addi t2, zero, 10
0x00000084 - 007F0A63 - beq t5, t2, isr_finish
0x00000088 - 000F0863 - beq t5, zero, isr_finish
0x0000008C - 004E8E93 - addi t4, t4, 4
0x00000090 - 01DFA023 - sw t4, 0(t6)
0x00000094 - 30200073 - iret
0x00000098 - 000EA023 - sw zero, 0(t4)
0x0000009C - 00010FB7 - lui t6, %hi(input_done)
0x000000A0 - 080F8F93 - addi t6, t6, %lo(input_done)
0x000000A4 - 00100F13 - addi t5, zero, 1
0x000000A8 - 01EFA023 - sw t5, 0(t6)
0x000000AC - 30200073 - iret