Tick:    1 | PC: 0000 | Act: 0x0080006F | t0:0 a0:0 a1:0
Tick:    2 | PC: 0008 | Act: 0x00010537 | t0:0 a0:65536 a1:0
Tick:    3 | PC: 000C | Act: 0x00050513 | t0:0 a0:65536 a1:0
Tick:    4 | PC: 0010 | Act: 0x038000EF | t0:0 a0:65536 a1:0
Tick:    5 | PC: 0048 | Act: 0x00050293 | t0:65536 a0:65536 a1:0
Tick:    6 | PC: 004C | Act: 0x0002A303 | t0:65536 a0:65536 a1:0
Tick:    7 | PC: 0050 | Act: STALL      | t0:65536 a0:65536 a1:0
Tick:    8 | PC: 0050 | Act: STALL      | t0:65536 a0:65536 a1:0
Tick:    9 | PC: 0050 | Act: STALL      | t0:65536 a0:65536 a1:0
Tick:   10 | PC: 0050 | Act: STALL      | t0:65536 a0:65536 a1:0
Tick:   11 | PC: 0050 | Act: STALL      | t0:65536 a0:65536 a1:0
Tick:   12 | PC: 0050 | Act: STALL      | t0:65536 a0:65536 a1:0
Tick:   13 | PC: 0050 | Act: STALL      | t0:65536 a0:65536 a1:0
Tick:   14 | PC: 0050 | Act: STALL      | t0:65536 a0:65536 a1:0
Tick:   15 | PC: 0050 | Act: STALL      | t0:65536 a0:65536 a1:0
Tick:   16 | PC: 0050 | Act: STALL      | t0:65536 a0:65536 a1:0
Tick:   17 | PC: 0050 | Act: 0x00030863 | t0:65536 a0:65536 a1:0
Tick:   18 | PC: 0054 | Act: 0x00603073 | t0:65536 a0:65536 a1:0
Tick:   19 | PC: 0058 | Act: 0x00428293 | t0:65540 a0:65536 a1:0
Tick:   20 | PC: 005C | Act: 0xFF1FF06F | t0:65540 a0:65536 a1:0
Tick:   21 | PC: 004C | Act: 0x0002A303 | t0:65540 a0:65536 a1:0
Tick:   22 | PC: 0050 | Act: STALL      | t0:65540 a0:65536 a1:0
Tick:   23 | PC: 0050 | Act: STALL      | t0:65540 a0:65536 a1:0
Tick:   24 | PC: 0050 | Act: STALL      | t0:65540 a0:65536 a1:0
Tick:   25 | PC: 0050 | Act: STALL      | t0:65540 a0:65536 a1:0
Tick:   26 | PC: 0050 | Act: STALL      | t0:65540 a0:65536 a1:0
Tick:   27 | PC: 0050 | Act: STALL      | t0:65540 a0:65536 a1:0
Tick:   28 | PC: 0050 | Act: STALL      | t0:65540 a0:65536 a1:0
Tick:   29 | PC: 0050 | Act: STALL      | t0:65540 a0:65536 a1:0
Tick:   30 | PC: 0050 | Act: STALL      | t0:65540 a0:65536 a1:0
Tick:   31 | PC: 0050 | Act: STALL      | t0:65540 a0:65536 a1:0
Tick:   32 | PC: 0050 | Act: 0x00030863 | t0:65540 a0:65536 a1:0
Tick:   33 | PC: 0054 | Act: 0x00603073 | t0:65540 a0:65536 a1:0
Tick:   34 | PC: 0058 | Act: 0x00428293 | t0:65544 a0:65536 a1:0
Tick:   35 | PC: 005C | Act: 0xFF1FF06F | t0:65544 a0:65536 a1:0
Tick:   36 | PC: 004C | Act: 0x0002A303 | t0:65544 a0:65536 a1:0
Tick:   37 | PC: 0050 | Act: STALL      | t0:65544 a0:65536 a1:0
Tick:   38 | PC: 0050 | Act: STALL      | t0:65544 a0:65536 a1:0
Tick:   39 | PC: 0050 | Act: STALL      | t0:65544 a0:65536 a1:0
Tick:   40 | PC: 0050 | Act: STALL      | t0:65544 a0:65536 a1:0
Tick:   41 | PC: 0050 | Act: STALL      | t0:65544 a0:65536 a1:0
Tick:   42 | PC: 0050 | Act: STALL      | t0:65544 a0:65536 a1:0
Tick:   43 | PC: 0050 | Act: STALL      | t0:65544 a0:65536 a1:0
Tick:   44 | PC: 0050 | Act: STALL      | t0:65544 a0:65536 a1:0
Tick:   45 | PC: 0050 | Act: STALL      | t0:65544 a0:65536 a1:0
Tick:   46 | PC: 0050 | Act: STALL      | t0:65544 a0:65536 a1:0
Tick:   47 | PC: 0050 | Act: 0x00030863 | t0:65544 a0:65536 a1:0
Tick:   48 | PC: 0054 | Act: 0x00603073 | t0:65544 a0:65536 a1:0
Tick:   49 | PC: 0058 | Act: 0x00428293 | t0:65548 a0:65536 a1:0
Tick:   50 | PC: 005C | Act: 0xFF1FF06F | t0:65548 a0:65536 a1:0
Tick:   51 | PC: 004C | Act: 0x0002A303 | t0:65548 a0:65536 a1:0
Tick:   52 | PC: 0050 | Act: STALL      | t0:65548 a0:65536 a1:0
Tick:   53 | PC: 0050 | Act: STALL      | t0:65548 a0:65536 a1:0
Tick:   54 | PC: 0050 | Act: STALL      | t0:65548 a0:65536 a1:0
Tick:   55 | PC: 0050 | Act: STALL      | t0:65548 a0:65536 a1:0
Tick:   56 | PC: 0050 | Act: STALL      | t0:65548 a0:65536 a1:0
Tick:   57 | PC: 0050 | Act: STALL      | t0:65548 a0:65536 a1:0
Tick:   58 | PC: 0050 | Act: STALL      | t0:65548 a0:65536 a1:0
Tick:   59 | PC: 0050 | Act: STALL      | t0:65548 a0:65536 a1:0
Tick:   60 | PC: 0050 | Act: STALL      | t0:65548 a0:65536 a1:0
Tick:   61 | PC: 0050 | Act: STALL      | t0:65548 a0:65536 a1:0
Tick:   62 | PC: 0050 | Act: 0x00030863 | t0:65548 a0:65536 a1:0
Tick:   63 | PC: 0054 | Act: 0x00603073 | t0:65548 a0:65536 a1:0
Tick:   64 | PC: 0058 | Act: 0x00428293 | t0:65552 a0:65536 a1:0
Tick:   65 | PC: 005C | Act: 0xFF1FF06F | t0:65552 a0:65536 a1:0
Tick:   66 | PC: 004C | Act: 0x0002A303 | t0:65552 a0:65536 a1:0
Tick:   67 | PC: 0050 | Act: STALL      | t0:65552 a0:65536 a1:0
Tick:   68 | PC: 0050 | Act: STALL      | t0:65552 a0:65536 a1:0
Tick:   69 | PC: 0050 | Act: STALL      | t0:65552 a0:65536 a1:0
Tick:   70 | PC: 0050 | Act: STALL      | t0:65552 a0:65536 a1:0
Tick:   71 | PC: 0050 | Act: STALL      | t0:65552 a0:65536 a1:0
Tick:   72 | PC: 0050 | Act: STALL      | t0:65552 a0:65536 a1:0
Tick:   73 | PC: 0050 | Act: STALL      | t0:65552 a0:65536 a1:0
Tick:   74 | PC: 0050 | Act: STALL      | t0:65552 a0:65536 a1:0
Tick:   75 | PC: 0050 | Act: STALL      | t0:65552 a0:65536 a1:0
Tick:   76 | PC: 0050 | Act: STALL      | t0:65552 a0:65536 a1:0
Tick:   77 | PC: 0050 | Act: 0x00030863 | t0:65552 a0:65536 a1:0
Tick:   78 | PC: 0054 | Act: 0x00603073 | t0:65552 a0:65536 a1:0
Tick:   79 | PC: 0058 | Act: 0x00428293 | t0:65556 a0:65536 a1:0
Tick:   80 | PC: 005C | Act: 0xFF1FF06F | t0:65556 a0:65536 a1:0
Tick:   81 | PC: 004C | Act: 0x0002A303 | t0:65556 a0:65536 a1:0
Tick:   82 | PC: 0050 | Act: STALL      | t0:65556 a0:65536 a1:0
Tick:   83 | PC: 0050 | Act: STALL      | t0:65556 a0:65536 a1:0
Tick:   84 | PC: 0050 | Act: STALL      | t0:65556 a0:65536 a1:0
Tick:   85 | PC: 0050 | Act: STALL      | t0:65556 a0:65536 a1:0
Tick:   86 | PC: 0050 | Act: STALL      | t0:65556 a0:65536 a1:0
Tick:   87 | PC: 0050 | Act: STALL      | t0:65556 a0:65536 a1:0
Tick:   88 | PC: 0050 | Act: STALL      | t0:65556 a0:65536 a1:0
Tick:   89 | PC: 0050 | Act: STALL      | t0:65556 a0:65536 a1:0
Tick:   90 | PC: 0050 | Act: STALL      | t0:65556 a0:65536 a1:0
Tick:   91 | PC: 0050 | Act: STALL      | t0:65556 a0:65536 a1:0
Tick:   92 | PC: 0050 | Act: 0x00030863 | t0:65556 a0:65536 a1:0
Tick:   93 | PC: 0054 | Act: 0x00603073 | t0:65556 a0:65536 a1:0
Tick:   94 | PC: 0058 | Act: 0x00428293 | t0:65560 a0:65536 a1:0
Tick:   95 | PC: 005C | Act: 0xFF1FF06F | t0:65560 a0:65536 a1:0
Tick:   96 | PC: 004C | Act: 0x0002A303 | t0:65560 a0:65536 a1:0
Tick:   97 | PC: 0050 | Act: STALL      | t0:65560 a0:65536 a1:0
Tick:   98 | PC: 0050 | Act: STALL      | t0:65560 a0:65536 a1:0
Tick:   99 | PC: 0050 | Act: STALL      | t0:65560 a0:65536 a1:0
Tick:  100 | PC: 0050 | Act: STALL      | t0:65560 a0:65536 a1:0
Tick:  101 | PC: 0050 | Act: STALL      | t0:65560 a0:65536 a1:0
Tick:  102 | PC: 0050 | Act: STALL      | t0:65560 a0:65536 a1:0
Tick:  103 | PC: 0050 | Act: STALL      | t0:65560 a0:65536 a1:0
Tick:  104 | PC: 0050 | Act: STALL      | t0:65560 a0:65536 a1:0
Tick:  105 | PC: 0050 | Act: STALL      | t0:65560 a0:65536 a1:0
Tick:  106 | PC: 0050 | Act: STALL      | t0:65560 a0:65536 a1:0
Tick:  107 | PC: 0050 | Act: 0x00030863 | t0:65560 a0:65536 a1:0
Tick:  108 | PC: 0060 | Act: 0x00008067 | t0:65560 a0:65536 a1:0
Tick:  109 | PC: 0014 | Act: 0x00100073 | t0:65560 a0:65536 a1:0
Tick:  109 | PC: 0014 | Act: TRAP FIRED! | t0:65560 a0:65536 a1:0
Tick:  110 | PC: 0004 | Act: 0x0600006F | t0:65560 a0:65536 a1:0
Tick:  111 | PC: 0064 | Act: 0x001023F3 | t0:65560 a0:65536 a1:0
Tick:  112 | PC: 0068 | Act: 0x00A00F13 | t0:65560 a0:65536 a1:0
Tick:  113 | PC: 006C | Act: 0x03E38063 | t0:65560 a0:65536 a1:0
Tick:  114 | PC: 0070 | Act: 0x00010E37 | t0:65560 a0:65536 a1:0
Tick:  115 | PC: 0074 | Act: 0x050E0E13 | t0:65560 a0:65536 a1:0
Tick:  116 | PC: 0078 | Act: 0x000E2E83 | t0:65560 a0:65536 a1:0
Tick:  117 | PC: 007C | Act: STALL      | t0:65560 a0:65536 a1:0
Tick:  118 | PC: 007C | Act: STALL      | t0:65560 a0:65536 a1:0
Tick:  119 | PC: 007C | Act: STALL      | t0:65560 a0:65536 a1:0
Tick:  120 | PC: 007C | Act: STALL      | t0:65560 a0:65536 a1:0
Tick:  121 | PC: 007C | Act: STALL      | t0:65560 a0:65536 a1:0
Tick:  122 | PC: 007C | Act: STALL      | t0:65560 a0:65536 a1:0
Tick:  123 | PC: 007C | Act: STALL      | t0:65560 a0:65536 a1:0
Tick:  124 | PC: 007C | Act: STALL      | t0:65560 a0:65536 a1:0
Tick:  125 | PC: 007C | Act: STALL      | t0:65560 a0:65536 a1:0
Tick:  126 | PC: 007C | Act: STALL      | t0:65560 a0:65536 a1:0
Tick:  127 | PC: 007C | Act: 0x007EA023 | t0:65560 a0:65536 a1:0
Tick:  128 | PC: 0080 | Act: STALL      | t0:65560 a0:65536 a1:0
Tick:  129 | PC: 0080 | Act: STALL      | t0:65560 a0:65536 a1:0
Tick:  130 | PC: 0080 | Act: STALL      | t0:65560 a0:65536 a1:0
Tick:  131 | PC: 0080 | Act: STALL      | t0:65560 a0:65536 a1:0
Tick:  132 | PC: 0080 | Act: STALL      | t0:65560 a0:65536 a1:0
Tick:  133 | PC: 0080 | Act: STALL      | t0:65560 a0:65536 a1:0
Tick:  134 | PC: 0080 | Act: STALL      | t0:65560 a0:65536 a1:0
Tick:  135 | PC: 0080 | Act: STALL      | t0:65560 a0:65536 a1:0
Tick:  136 | PC: 0080 | Act: STALL      | t0:65560 a0:65536 a1:0
Tick:  137 | PC: 0080 | Act: STALL      | t0:65560 a0:65536 a1:0
Tick:  138 | PC: 0080 | Act: 0x004E8E93 | t0:65560 a0:65536 a1:0
Tick:  139 | PC: 0084 | Act: 0x01DE2023 | t0:65560 a0:65536 a1:0
Tick:  140 | PC: 0088 | Act: STALL      | t0:65560 a0:65536 a1:0
Tick:  141 | PC: 0088 | Act: STALL      | t0:65560 a0:65536 a1:0
Tick:  142 | PC: 0088 | Act: STALL      | t0:65560 a0:65536 a1:0
Tick:  143 | PC: 0088 | Act: STALL      | t0:65560 a0:65536 a1:0
Tick:  144 | PC: 0088 | Act: STALL      | t0:65560 a0:65536 a1:0
Tick:  145 | PC: 0088 | Act: STALL      | t0:65560 a0:65536 a1:0
Tick:  146 | PC: 0088 | Act: STALL      | t0:65560 a0:65536 a1:0
Tick:  147 | PC: 0088 | Act: STALL      | t0:65560 a0:65536 a1:0
Tick:  148 | PC: 0088 | Act: STALL      | t0:65560 a0:65536 a1:0
Tick:  149 | PC: 0088 | Act: STALL      | t0:65560 a0:65536 a1:0
Tick:  150 | PC: 0088 | Act: 0x30200073 | t0:65560 a0:65536 a1:0
Tick:  150 | PC: 0088 | Act: TRAP FIRED! | t0:65560 a0:65536 a1:0
Tick:  151 | PC: 0004 | Act: 0x0600006F | t0:65560 a0:65536 a1:0
Tick:  152 | PC: 0064 | Act: 0x001023F3 | t0:65560 a0:65536 a1:0
Tick:  153 | PC: 0068 | Act: 0x00A00F13 | t0:65560 a0:65536 a1:0
Tick:  154 | PC: 006C | Act: 0x03E38063 | t0:65560 a0:65536 a1:0
Tick:  155 | PC: 0070 | Act: 0x00010E37 | t0:65560 a0:65536 a1:0
Tick:  156 | PC: 0074 | Act: 0x050E0E13 | t0:65560 a0:65536 a1:0
Tick:  157 | PC: 0078 | Act: 0x000E2E83 | t0:65560 a0:65536 a1:0
Tick:  158 | PC: 007C | Act: STALL      | t0:65560 a0:65536 a1:0
Tick:  159 | PC: 007C | Act: 0x007EA023 | t0:65560 a0:65536 a1:0
Tick:  160 | PC: 0080 | Act: STALL      | t0:65560 a0:65536 a1:0
Tick:  161 | PC: 0080 | Act: STALL      | t0:65560 a0:65536 a1:0
Tick:  162 | PC: 0080 | Act: STALL      | t0:65560 a0:65536 a1:0
Tick:  163 | PC: 0080 | Act: STALL      | t0:65560 a0:65536 a1:0
Tick:  164 | PC: 0080 | Act: STALL      | t0:65560 a0:65536 a1:0
Tick:  165 | PC: 0080 | Act: STALL      | t0:65560 a0:65536 a1:0
Tick:  166 | PC: 0080 | Act: STALL      | t0:65560 a0:65536 a1:0
Tick:  167 | PC: 0080 | Act: STALL      | t0:65560 a0:65536 a1:0
Tick:  168 | PC: 0080 | Act: STALL      | t0:65560 a0:65536 a1:0
Tick:  169 | PC: 0080 | Act: STALL      | t0:65560 a0:65536 a1:0
Tick:  170 | PC: 0080 | Act: 0x004E8E93 | t0:65560 a0:65536 a1:0
Tick:  171 | PC: 0084 | Act: 0x01DE2023 | t0:65560 a0:65536 a1:0
Tick:  172 | PC: 0088 | Act: STALL      | t0:65560 a0:65536 a1:0
Tick:  173 | PC: 0088 | Act: STALL      | t0:65560 a0:65536 a1:0
Tick:  174 | PC: 0088 | Act: STALL      | t0:65560 a0:65536 a1:0
Tick:  175 | PC: 0088 | Act: STALL      | t0:65560 a0:65536 a1:0
Tick:  176 | PC: 0088 | Act: STALL      | t0:65560 a0:65536 a1:0
Tick:  177 | PC: 0088 | Act: STALL      | t0:65560 a0:65536 a1:0
Tick:  178 | PC: 0088 | Act: STALL      | t0:65560 a0:65536 a1:0
Tick:  179 | PC: 0088 | Act: STALL      | t0:65560 a0:65536 a1:0
Tick:  180 | PC: 0088 | Act: STALL      | t0:65560 a0:65536 a1:0
Tick:  181 | PC: 0088 | Act: STALL      | t0:65560 a0:65536 a1:0
Tick:  182 | PC: 0088 | Act: 0x30200073 | t0:65560 a0:65536 a1:0
Tick:  183 | PC: 0018 | Act: 0x000102B7 | t0:65536 a0:65536 a1:0
Tick:  184 | PC: 001C | Act: 0x05428293 | t0:65620 a0:65536 a1:0
Tick:  185 | PC: 0020 | Act: 0x0002A303 | t0:65620 a0:65536 a1:0
Tick:  186 | PC: 0024 | Act: STALL      | t0:65620 a0:65536 a1:0
Tick:  187 | PC: 0024 | Act: STALL      | t0:65620 a0:65536 a1:0
Tick:  188 | PC: 0024 | Act: STALL      | t0:65620 a0:65536 a1:0
Tick:  189 | PC: 0024 | Act: STALL      | t0:65620 a0:65536 a1:0
Tick:  190 | PC: 0024 | Act: STALL      | t0:65620 a0:65536 a1:0
Tick:  191 | PC: 0024 | Act: STALL      | t0:65620 a0:65536 a1:0
Tick:  192 | PC: 0024 | Act: STALL      | t0:65620 a0:65536 a1:0
Tick:  193 | PC: 0024 | Act: STALL      | t0:65620 a0:65536 a1:0
Tick:  194 | PC: 0024 | Act: STALL      | t0:65620 a0:65536 a1:0
Tick:  195 | PC: 0024 | Act: STALL      | t0:65620 a0:65536 a1:0
Tick:  196 | PC: 0024 | Act: 0xFE030AE3 | t0:65620 a0:65536 a1:0
Tick:  197 | PC: 0018 | Act: 0x000102B7 | t0:65536 a0:65536 a1:0
Tick:  198 | PC: 001C | Act: 0x05428293 | t0:65620 a0:65536 a1:0
Tick:  199 | PC: 0020 | Act: 0x0002A303 | t0:65620 a0:65536 a1:0
Tick:  200 | PC: 0024 | Act: STALL      | t0:65620 a0:65536 a1:0
Tick:  201 | PC: 0024 | Act: 0xFE030AE3 | t0:65620 a0:65536 a1:0
Tick:  201 | PC: 0024 | Act: TRAP FIRED! | t0:65620 a0:65536 a1:0
Tick:  202 | PC: 0004 | Act: 0x0600006F | t0:65620 a0:65536 a1:0
Tick:  203 | PC: 0064 | Act: 0x001023F3 | t0:65620 a0:65536 a1:0
Tick:  204 | PC: 0068 | Act: 0x00A00F13 | t0:65620 a0:65536 a1:0
Tick:  205 | PC: 006C | Act: 0x03E38063 | t0:65620 a0:65536 a1:0
Tick:  206 | PC: 0070 | Act: 0x00010E37 | t0:65620 a0:65536 a1:0
Tick:  207 | PC: 0074 | Act: 0x050E0E13 | t0:65620 a0:65536 a1:0
Tick:  208 | PC: 0078 | Act: 0x000E2E83 | t0:65620 a0:65536 a1:0
Tick:  209 | PC: 007C | Act: STALL      | t0:65620 a0:65536 a1:0
Tick:  210 | PC: 007C | Act: 0x007EA023 | t0:65620 a0:65536 a1:0
Tick:  211 | PC: 0080 | Act: STALL      | t0:65620 a0:65536 a1:0
Tick:  212 | PC: 0080 | Act: STALL      | t0:65620 a0:65536 a1:0
Tick:  213 | PC: 0080 | Act: STALL      | t0:65620 a0:65536 a1:0
Tick:  214 | PC: 0080 | Act: STALL      | t0:65620 a0:65536 a1:0
Tick:  215 | PC: 0080 | Act: STALL      | t0:65620 a0:65536 a1:0
Tick:  216 | PC: 0080 | Act: STALL      | t0:65620 a0:65536 a1:0
Tick:  217 | PC: 0080 | Act: STALL      | t0:65620 a0:65536 a1:0
Tick:  218 | PC: 0080 | Act: STALL      | t0:65620 a0:65536 a1:0
Tick:  219 | PC: 0080 | Act: STALL      | t0:65620 a0:65536 a1:0
Tick:  220 | PC: 0080 | Act: STALL      | t0:65620 a0:65536 a1:0
Tick:  221 | PC: 0080 | Act: 0x004E8E93 | t0:65620 a0:65536 a1:0
Tick:  222 | PC: 0084 | Act: 0x01DE2023 | t0:65620 a0:65536 a1:0
Tick:  223 | PC: 0088 | Act: STALL      | t0:65620 a0:65536 a1:0
Tick:  224 | PC: 0088 | Act: STALL      | t0:65620 a0:65536 a1:0
Tick:  225 | PC: 0088 | Act: STALL      | t0:65620 a0:65536 a1:0
Tick:  226 | PC: 0088 | Act: STALL      | t0:65620 a0:65536 a1:0
Tick:  227 | PC: 0088 | Act: STALL      | t0:65620 a0:65536 a1:0
Tick:  228 | PC: 0088 | Act: STALL      | t0:65620 a0:65536 a1:0
Tick:  229 | PC: 0088 | Act: STALL      | t0:65620 a0:65536 a1:0
Tick:  230 | PC: 0088 | Act: STALL      | t0:65620 a0:65536 a1:0
Tick:  231 | PC: 0088 | Act: STALL      | t0:65620 a0:65536 a1:0
Tick:  232 | PC: 0088 | Act: STALL      | t0:65620 a0:65536 a1:0
Tick:  233 | PC: 0088 | Act: 0x30200073 | t0:65620 a0:65536 a1:0
Tick:  234 | PC: 0018 | Act: 0x000102B7 | t0:65536 a0:65536 a1:0
Tick:  235 | PC: 001C | Act: 0x05428293 | t0:65620 a0:65536 a1:0
Tick:  236 | PC: 0020 | Act: 0x0002A303 | t0:65620 a0:65536 a1:0
Tick:  237 | PC: 0024 | Act: STALL      | t0:65620 a0:65536 a1:0
Tick:  238 | PC: 0024 | Act: 0xFE030AE3 | t0:65620 a0:65536 a1:0
Tick:  239 | PC: 0018 | Act: 0x000102B7 | t0:65536 a0:65536 a1:0
Tick:  240 | PC: 001C | Act: 0x05428293 | t0:65620 a0:65536 a1:0
Tick:  241 | PC: 0020 | Act: 0x0002A303 | t0:65620 a0:65536 a1:0
Tick:  242 | PC: 0024 | Act: STALL      | t0:65620 a0:65536 a1:0
Tick:  243 | PC: 0024 | Act: 0xFE030AE3 | t0:65620 a0:65536 a1:0
Tick:  244 | PC: 0018 | Act: 0x000102B7 | t0:65536 a0:65536 a1:0
Tick:  245 | PC: 001C | Act: 0x05428293 | t0:65620 a0:65536 a1:0
Tick:  246 | PC: 0020 | Act: 0x0002A303 | t0:65620 a0:65536 a1:0
Tick:  247 | PC: 0024 | Act: STALL      | t0:65620 a0:65536 a1:0
Tick:  248 | PC: 0024 | Act: 0xFE030AE3 | t0:65620 a0:65536 a1:0
Tick:  249 | PC: 0018 | Act: 0x000102B7 | t0:65536 a0:65536 a1:0
Tick:  250 | PC: 001C | Act: 0x05428293 | t0:65620 a0:65536 a1:0
Tick:  250 | PC: 001C | Act: TRAP FIRED! | t0:65620 a0:65536 a1:0
Tick:  251 | PC: 0004 | Act: 0x0600006F | t0:65620 a0:65536 a1:0
Tick:  252 | PC: 0064 | Act: 0x001023F3 | t0:65620 a0:65536 a1:0
Tick:  253 | PC: 0068 | Act: 0x00A00F13 | t0:65620 a0:65536 a1:0
Tick:  254 | PC: 006C | Act: 0x03E38063 | t0:65620 a0:65536 a1:0
Tick:  255 | PC: 0070 | Act: 0x00010E37 | t0:65620 a0:65536 a1:0
Tick:  256 | PC: 0074 | Act: 0x050E0E13 | t0:65620 a0:65536 a1:0
Tick:  257 | PC: 0078 | Act: 0x000E2E83 | t0:65620 a0:65536 a1:0
Tick:  258 | PC: 007C | Act: STALL      | t0:65620 a0:65536 a1:0
Tick:  259 | PC: 007C | Act: 0x007EA023 | t0:65620 a0:65536 a1:0
Tick:  260 | PC: 0080 | Act: STALL      | t0:65620 a0:65536 a1:0
Tick:  261 | PC: 0080 | Act: STALL      | t0:65620 a0:65536 a1:0
Tick:  262 | PC: 0080 | Act: STALL      | t0:65620 a0:65536 a1:0
Tick:  263 | PC: 0080 | Act: STALL      | t0:65620 a0:65536 a1:0
Tick:  264 | PC: 0080 | Act: STALL      | t0:65620 a0:65536 a1:0
Tick:  265 | PC: 0080 | Act: STALL      | t0:65620 a0:65536 a1:0
Tick:  266 | PC: 0080 | Act: STALL      | t0:65620 a0:65536 a1:0
Tick:  267 | PC: 0080 | Act: STALL      | t0:65620 a0:65536 a1:0
Tick:  268 | PC: 0080 | Act: STALL      | t0:65620 a0:65536 a1:0
Tick:  269 | PC: 0080 | Act: STALL      | t0:65620 a0:65536 a1:0
Tick:  270 | PC: 0080 | Act: 0x004E8E93 | t0:65620 a0:65536 a1:0
Tick:  271 | PC: 0084 | Act: 0x01DE2023 | t0:65620 a0:65536 a1:0
Tick:  272 | PC: 0088 | Act: STALL      | t0:65620 a0:65536 a1:0
Tick:  273 | PC: 0088 | Act: STALL      | t0:65620 a0:65536 a1:0
Tick:  274 | PC: 0088 | Act: STALL      | t0:65620 a0:65536 a1:0
Tick:  275 | PC: 0088 | Act: STALL      | t0:65620 a0:65536 a1:0
Tick:  276 | PC: 0088 | Act: STALL      | t0:65620 a0:65536 a1:0
Tick:  277 | PC: 0088 | Act: STALL      | t0:65620 a0:65536 a1:0
Tick:  278 | PC: 0088 | Act: STALL      | t0:65620 a0:65536 a1:0
Tick:  279 | PC: 0088 | Act: STALL      | t0:65620 a0:65536 a1:0
Tick:  280 | PC: 0088 | Act: STALL      | t0:65620 a0:65536 a1:0
Tick:  281 | PC: 0088 | Act: STALL      | t0:65620 a0:65536 a1:0
Tick:  282 | PC: 0088 | Act: 0x30200073 | t0:65620 a0:65536 a1:0
Tick:  283 | PC: 0020 | Act: 0x0002A303 | t0:65620 a0:65536 a1:0
Tick:  284 | PC: 0024 | Act: STALL      | t0:65620 a0:65536 a1:0
Tick:  285 | PC: 0024 | Act: 0xFE030AE3 | t0:65620 a0:65536 a1:0
Tick:  286 | PC: 0018 | Act: 0x000102B7 | t0:65536 a0:65536 a1:0
Tick:  287 | PC: 001C | Act: 0x05428293 | t0:65620 a0:65536 a1:0
Tick:  288 | PC: 0020 | Act: 0x0002A303 | t0:65620 a0:65536 a1:0
Tick:  289 | PC: 0024 | Act: STALL      | t0:65620 a0:65536 a1:0
Tick:  290 | PC: 0024 | Act: 0xFE030AE3 | t0:65620 a0:65536 a1:0
Tick:  291 | PC: 0018 | Act: 0x000102B7 | t0:65536 a0:65536 a1:0
Tick:  292 | PC: 001C | Act: 0x05428293 | t0:65620 a0:65536 a1:0
Tick:  293 | PC: 0020 | Act: 0x0002A303 | t0:65620 a0:65536 a1:0
Tick:  294 | PC: 0024 | Act: STALL      | t0:65620 a0:65536 a1:0
Tick:  295 | PC: 0024 | Act: 0xFE030AE3 | t0:65620 a0:65536 a1:0
Tick:  296 | PC: 0018 | Act: 0x000102B7 | t0:65536 a0:65536 a1:0
Tick:  297 | PC: 001C | Act: 0x05428293 | t0:65620 a0:65536 a1:0
Tick:  298 | PC: 0020 | Act: 0x0002A303 | t0:65620 a0:65536 a1:0
Tick:  299 | PC: 0024 | Act: STALL      | t0:65620 a0:65536 a1:0
Tick:  300 | PC: 0024 | Act: 0xFE030AE3 | t0:65620 a0:65536 a1:0
Tick:  300 | PC: 0024 | Act: TRAP FIRED! | t0:65620 a0:65536 a1:0
Tick:  301 | PC: 0004 | Act: 0x0600006F | t0:65620 a0:65536 a1:0
Tick:  302 | PC: 0064 | Act: 0x001023F3 | t0:65620 a0:65536 a1:0
Tick:  303 | PC: 0068 | Act: 0x00A00F13 | t0:65620 a0:65536 a1:0
Tick:  304 | PC: 006C | Act: 0x03E38063 | t0:65620 a0:65536 a1:0
Tick:  305 | PC: 0070 | Act: 0x00010E37 | t0:65620 a0:65536 a1:0
Tick:  306 | PC: 0074 | Act: 0x050E0E13 | t0:65620 a0:65536 a1:0
Tick:  307 | PC: 0078 | Act: 0x000E2E83 | t0:65620 a0:65536 a1:0
Tick:  308 | PC: 007C | Act: STALL      | t0:65620 a0:65536 a1:0
Tick:  309 | PC: 007C | Act: 0x007EA023 | t0:65620 a0:65536 a1:0
Tick:  310 | PC: 0080 | Act: STALL      | t0:65620 a0:65536 a1:0
Tick:  311 | PC: 0080 | Act: STALL      | t0:65620 a0:65536 a1:0
Tick:  312 | PC: 0080 | Act: STALL      | t0:65620 a0:65536 a1:0
Tick:  313 | PC: 0080 | Act: STALL      | t0:65620 a0:65536 a1:0
Tick:  314 | PC: 0080 | Act: STALL      | t0:65620 a0:65536 a1:0
Tick:  315 | PC: 0080 | Act: STALL      | t0:65620 a0:65536 a1:0
Tick:  316 | PC: 0080 | Act: STALL      | t0:65620 a0:65536 a1:0
Tick:  317 | PC: 0080 | Act: STALL      | t0:65620 a0:65536 a1:0
Tick:  318 | PC: 0080 | Act: STALL      | t0:65620 a0:65536 a1:0
Tick:  319 | PC: 0080 | Act: STALL      | t0:65620 a0:65536 a1:0
Tick:  320 | PC: 0080 | Act: 0x004E8E93 | t0:65620 a0:65536 a1:0
Tick:  321 | PC: 0084 | Act: 0x01DE2023 | t0:65620 a0:65536 a1:0
Tick:  322 | PC: 0088 | Act: STALL      | t0:65620 a0:65536 a1:0
Tick:  323 | PC: 0088 | Act: STALL      | t0:65620 a0:65536 a1:0
Tick:  324 | PC: 0088 | Act: STALL      | t0:65620 a0:65536 a1:0
Tick:  325 | PC: 0088 | Act: STALL      | t0:65620 a0:65536 a1:0
Tick:  326 | PC: 0088 | Act: STALL      | t0:65620 a0:65536 a1:0
Tick:  327 | PC: 0088 | Act: STALL      | t0:65620 a0:65536 a1:0
Tick:  328 | PC: 0088 | Act: STALL      | t0:65620 a0:65536 a1:0
Tick:  329 | PC: 0088 | Act: STALL      | t0:65620 a0:65536 a1:0
Tick:  330 | PC: 0088 | Act: STALL      | t0:65620 a0:65536 a1:0
Tick:  331 | PC: 0088 | Act: STALL      | t0:65620 a0:65536 a1:0
Tick:  332 | PC: 0088 | Act: 0x30200073 | t0:65620 a0:65536 a1:0
Tick:  333 | PC: 0018 | Act: 0x000102B7 | t0:65536 a0:65536 a1:0
Tick:  334 | PC: 001C | Act: 0x05428293 | t0:65620 a0:65536 a1:0
Tick:  335 | PC: 0020 | Act: 0x0002A303 | t0:65620 a0:65536 a1:0
Tick:  336 | PC: 0024 | Act: STALL      | t0:65620 a0:65536 a1:0
Tick:  337 | PC: 0024 | Act: 0xFE030AE3 | t0:65620 a0:65536 a1:0
Tick:  338 | PC: 0018 | Act: 0x000102B7 | t0:65536 a0:65536 a1:0
Tick:  339 | PC: 001C | Act: 0x05428293 | t0:65620 a0:65536 a1:0
Tick:  340 | PC: 0020 | Act: 0x0002A303 | t0:65620 a0:65536 a1:0
Tick:  341 | PC: 0024 | Act: STALL      | t0:65620 a0:65536 a1:0
Tick:  342 | PC: 0024 | Act: 0xFE030AE3 | t0:65620 a0:65536 a1:0
Tick:  343 | PC: 0018 | Act: 0x000102B7 | t0:65536 a0:65536 a1:0
Tick:  344 | PC: 001C | Act: 0x05428293 | t0:65620 a0:65536 a1:0
Tick:  345 | PC: 0020 | Act: 0x0002A303 | t0:65620 a0:65536 a1:0
Tick:  346 | PC: 0024 | Act: STALL      | t0:65620 a0:65536 a1:0
Tick:  347 | PC: 0024 | Act: 0xFE030AE3 | t0:65620 a0:65536 a1:0
Tick:  348 | PC: 0018 | Act: 0x000102B7 | t0:65536 a0:65536 a1:0
Tick:  349 | PC: 001C | Act: 0x05428293 | t0:65620 a0:65536 a1:0
Tick:  350 | PC: 0020 | Act: 0x0002A303 | t0:65620 a0:65536 a1:0
Tick:  350 | PC: 0020 | Act: TRAP FIRED! | t0:65620 a0:65536 a1:0
Tick:  351 | PC: 0004 | Act: STALL      | t0:65620 a0:65536 a1:0
Tick:  352 | PC: 0004 | Act: 0x0600006F | t0:65620 a0:65536 a1:0
Tick:  353 | PC: 0064 | Act: 0x001023F3 | t0:65620 a0:65536 a1:0
Tick:  354 | PC: 0068 | Act: 0x00A00F13 | t0:65620 a0:65536 a1:0
Tick:  355 | PC: 006C | Act: 0x03E38063 | t0:65620 a0:65536 a1:0
Tick:  356 | PC: 008C | Act: 0x00010E37 | t0:65620 a0:65536 a1:0
Tick:  357 | PC: 0090 | Act: 0x050E0E13 | t0:65620 a0:65536 a1:0
Tick:  358 | PC: 0094 | Act: 0x000E2E83 | t0:65620 a0:65536 a1:0
Tick:  359 | PC: 0098 | Act: STALL      | t0:65620 a0:65536 a1:0
Tick:  360 | PC: 0098 | Act: 0x000EA023 | t0:65620 a0:65536 a1:0
Tick:  361 | PC: 009C | Act: STALL      | t0:65620 a0:65536 a1:0
Tick:  362 | PC: 009C | Act: STALL      | t0:65620 a0:65536 a1:0
Tick:  363 | PC: 009C | Act: STALL      | t0:65620 a0:65536 a1:0
Tick:  364 | PC: 009C | Act: STALL      | t0:65620 a0:65536 a1:0
Tick:  365 | PC: 009C | Act: STALL      | t0:65620 a0:65536 a1:0
Tick:  366 | PC: 009C | Act: STALL      | t0:65620 a0:65536 a1:0
Tick:  367 | PC: 009C | Act: STALL      | t0:65620 a0:65536 a1:0
Tick:  368 | PC: 009C | Act: STALL      | t0:65620 a0:65536 a1:0
Tick:  369 | PC: 009C | Act: STALL      | t0:65620 a0:65536 a1:0
Tick:  370 | PC: 009C | Act: STALL      | t0:65620 a0:65536 a1:0
Tick:  371 | PC: 009C | Act: 0x00010E37 | t0:65620 a0:65536 a1:0
Tick:  372 | PC: 00A0 | Act: 0x054E0E13 | t0:65620 a0:65536 a1:0
Tick:  373 | PC: 00A4 | Act: 0x00100E93 | t0:65620 a0:65536 a1:0
Tick:  374 | PC: 00A8 | Act: 0x01DE2023 | t0:65620 a0:65536 a1:0
Tick:  375 | PC: 00AC | Act: STALL      | t0:65620 a0:65536 a1:0
Tick:  376 | PC: 00AC | Act: STALL      | t0:65620 a0:65536 a1:0
Tick:  377 | PC: 00AC | Act: STALL      | t0:65620 a0:65536 a1:0
Tick:  378 | PC: 00AC | Act: STALL      | t0:65620 a0:65536 a1:0
Tick:  379 | PC: 00AC | Act: STALL      | t0:65620 a0:65536 a1:0
Tick:  380 | PC: 00AC | Act: STALL      | t0:65620 a0:65536 a1:0
Tick:  381 | PC: 00AC | Act: STALL      | t0:65620 a0:65536 a1:0
Tick:  382 | PC: 00AC | Act: STALL      | t0:65620 a0:65536 a1:0
Tick:  383 | PC: 00AC | Act: STALL      | t0:65620 a0:65536 a1:0
Tick:  384 | PC: 00AC | Act: STALL      | t0:65620 a0:65536 a1:0
Tick:  385 | PC: 00AC | Act: 0x30200073 | t0:65620 a0:65536 a1:0
Tick:  386 | PC: 0024 | Act: 0xFE030AE3 | t0:65620 a0:65536 a1:0
Tick:  387 | PC: 0018 | Act: 0x000102B7 | t0:65536 a0:65536 a1:0
Tick:  388 | PC: 001C | Act: 0x05428293 | t0:65620 a0:65536 a1:0
Tick:  389 | PC: 0020 | Act: 0x0002A303 | t0:65620 a0:65536 a1:0
Tick:  390 | PC: 0024 | Act: STALL      | t0:65620 a0:65536 a1:0
Tick:  391 | PC: 0024 | Act: 0xFE030AE3 | t0:65620 a0:65536 a1:0
Tick:  392 | PC: 0028 | Act: 0x00200073 | t0:65620 a0:65536 a1:0
Tick:  393 | PC: 002C | Act: 0x00010537 | t0:65620 a0:65536 a1:0
Tick:  394 | PC: 0030 | Act: 0x01C50513 | t0:65620 a0:65564 a1:0
Tick:  395 | PC: 0034 | Act: 0x014000EF | t0:65620 a0:65564 a1:0
Tick:  396 | PC: 0048 | Act: 0x00050293 | t0:65564 a0:65564 a1:0
Tick:  397 | PC: 004C | Act: 0x0002A303 | t0:65564 a0:65564 a1:0
Tick:  398 | PC: 0050 | Act: STALL      | t0:65564 a0:65564 a1:0
Tick:  399 | PC: 0050 | Act: STALL      | t0:65564 a0:65564 a1:0
Tick:  400 | PC: 0050 | Act: STALL      | t0:65564 a0:65564 a1:0
Tick:  401 | PC: 0050 | Act: STALL      | t0:65564 a0:65564 a1:0
Tick:  402 | PC: 0050 | Act: STALL      | t0:65564 a0:65564 a1:0
Tick:  403 | PC: 0050 | Act: STALL      | t0:65564 a0:65564 a1:0
Tick:  404 | PC: 0050 | Act: STALL      | t0:65564 a0:65564 a1:0
Tick:  405 | PC: 0050 | Act: STALL      | t0:65564 a0:65564 a1:0
Tick:  406 | PC: 0050 | Act: STALL      | t0:65564 a0:65564 a1:0
Tick:  407 | PC: 0050 | Act: STALL      | t0:65564 a0:65564 a1:0
Tick:  408 | PC: 0050 | Act: 0x00030863 | t0:65564 a0:65564 a1:0
Tick:  409 | PC: 0054 | Act: 0x00603073 | t0:65564 a0:65564 a1:0
Tick:  410 | PC: 0058 | Act: 0x00428293 | t0:65568 a0:65564 a1:0
Tick:  411 | PC: 005C | Act: 0xFF1FF06F | t0:65568 a0:65564 a1:0
Tick:  412 | PC: 004C | Act: 0x0002A303 | t0:65568 a0:65564 a1:0
Tick:  413 | PC: 0050 | Act: STALL      | t0:65568 a0:65564 a1:0
Tick:  414 | PC: 0050 | Act: STALL      | t0:65568 a0:65564 a1:0
Tick:  415 | PC: 0050 | Act: STALL      | t0:65568 a0:65564 a1:0
Tick:  416 | PC: 0050 | Act: STALL      | t0:65568 a0:65564 a1:0
Tick:  417 | PC: 0050 | Act: STALL      | t0:65568 a0:65564 a1:0
Tick:  418 | PC: 0050 | Act: STALL      | t0:65568 a0:65564 a1:0
Tick:  419 | PC: 0050 | Act: STALL      | t0:65568 a0:65564 a1:0
Tick:  420 | PC: 0050 | Act: STALL      | t0:65568 a0:65564 a1:0
Tick:  421 | PC: 0050 | Act: STALL      | t0:65568 a0:65564 a1:0
Tick:  422 | PC: 0050 | Act: STALL      | t0:65568 a0:65564 a1:0
Tick:  423 | PC: 0050 | Act: 0x00030863 | t0:65568 a0:65564 a1:0
Tick:  424 | PC: 0054 | Act: 0x00603073 | t0:65568 a0:65564 a1:0
Tick:  425 | PC: 0058 | Act: 0x00428293 | t0:65572 a0:65564 a1:0
Tick:  426 | PC: 005C | Act: 0xFF1FF06F | t0:65572 a0:65564 a1:0
Tick:  427 | PC: 004C | Act: 0x0002A303 | t0:65572 a0:65564 a1:0
Tick:  428 | PC: 0050 | Act: STALL      | t0:65572 a0:65564 a1:0
Tick:  429 | PC: 0050 | Act: STALL      | t0:65572 a0:65564 a1:0
Tick:  430 | PC: 0050 | Act: STALL      | t0:65572 a0:65564 a1:0
Tick:  431 | PC: 0050 | Act: STALL      | t0:65572 a0:65564 a1:0
Tick:  432 | PC: 0050 | Act: STALL      | t0:65572 a0:65564 a1:0
Tick:  433 | PC: 0050 | Act: STALL      | t0:65572 a0:65564 a1:0
Tick:  434 | PC: 0050 | Act: STALL      | t0:65572 a0:65564 a1:0
Tick:  435 | PC: 0050 | Act: STALL      | t0:65572 a0:65564 a1:0
Tick:  436 | PC: 0050 | Act: STALL      | t0:65572 a0:65564 a1:0
Tick:  437 | PC: 0050 | Act: STALL      | t0:65572 a0:65564 a1:0
Tick:  438 | PC: 0050 | Act: 0x00030863 | t0:65572 a0:65564 a1:0
Tick:  439 | PC: 0054 | Act: 0x00603073 | t0:65572 a0:65564 a1:0
Tick:  440 | PC: 0058 | Act: 0x00428293 | t0:65576 a0:65564 a1:0
Tick:  441 | PC: 005C | Act: 0xFF1FF06F | t0:65576 a0:65564 a1:0
Tick:  442 | PC: 004C | Act: 0x0002A303 | t0:65576 a0:65564 a1:0
Tick:  443 | PC: 0050 | Act: STALL      | t0:65576 a0:65564 a1:0
Tick:  444 | PC: 0050 | Act: STALL      | t0:65576 a0:65564 a1:0
Tick:  445 | PC: 0050 | Act: STALL      | t0:65576 a0:65564 a1:0
Tick:  446 | PC: 0050 | Act: STALL      | t0:65576 a0:65564 a1:0
Tick:  447 | PC: 0050 | Act: STALL      | t0:65576 a0:65564 a1:0
Tick:  448 | PC: 0050 | Act: STALL      | t0:65576 a0:65564 a1:0
Tick:  449 | PC: 0050 | Act: STALL      | t0:65576 a0:65564 a1:0
Tick:  450 | PC: 0050 | Act: STALL      | t0:65576 a0:65564 a1:0
Tick:  451 | PC: 0050 | Act: STALL      | t0:65576 a0:65564 a1:0
Tick:  452 | PC: 0050 | Act: STALL      | t0:65576 a0:65564 a1:0
Tick:  453 | PC: 0050 | Act: 0x00030863 | t0:65576 a0:65564 a1:0
Tick:  454 | PC: 0054 | Act: 0x00603073 | t0:65576 a0:65564 a1:0
Tick:  455 | PC: 0058 | Act: 0x00428293 | t0:65580 a0:65564 a1:0
Tick:  456 | PC: 005C | Act: 0xFF1FF06F | t0:65580 a0:65564 a1:0
Tick:  457 | PC: 004C | Act: 0x0002A303 | t0:65580 a0:65564 a1:0
Tick:  458 | PC: 0050 | Act: STALL      | t0:65580 a0:65564 a1:0
Tick:  459 | PC: 0050 | Act: STALL      | t0:65580 a0:65564 a1:0
Tick:  460 | PC: 0050 | Act: STALL      | t0:65580 a0:65564 a1:0
Tick:  461 | PC: 0050 | Act: STALL      | t0:65580 a0:65564 a1:0
Tick:  462 | PC: 0050 | Act: STALL      | t0:65580 a0:65564 a1:0
Tick:  463 | PC: 0050 | Act: STALL      | t0:65580 a0:65564 a1:0
Tick:  464 | PC: 0050 | Act: STALL      | t0:65580 a0:65564 a1:0
Tick:  465 | PC: 0050 | Act: STALL      | t0:65580 a0:65564 a1:0
Tick:  466 | PC: 0050 | Act: STALL      | t0:65580 a0:65564 a1:0
Tick:  467 | PC: 0050 | Act: STALL      | t0:65580 a0:65564 a1:0
Tick:  468 | PC: 0050 | Act: 0x00030863 | t0:65580 a0:65564 a1:0
Tick:  469 | PC: 0060 | Act: 0x00008067 | t0:65580 a0:65564 a1:0
Tick:  470 | PC: 0038 | Act: 0x00010537 | t0:65580 a0:65536 a1:0
Tick:  471 | PC: 003C | Act: 0x03050513 | t0:65580 a0:65584 a1:0
Tick:  472 | PC: 0040 | Act: 0x008000EF | t0:65580 a0:65584 a1:0
Tick:  473 | PC: 0048 | Act: 0x00050293 | t0:65584 a0:65584 a1:0
Tick:  474 | PC: 004C | Act: 0x0002A303 | t0:65584 a0:65584 a1:0
Tick:  475 | PC: 0050 | Act: STALL      | t0:65584 a0:65584 a1:0
Tick:  476 | PC: 0050 | Act: STALL      | t0:65584 a0:65584 a1:0
Tick:  477 | PC: 0050 | Act: STALL      | t0:65584 a0:65584 a1:0
Tick:  478 | PC: 0050 | Act: STALL      | t0:65584 a0:65584 a1:0
Tick:  479 | PC: 0050 | Act: STALL      | t0:65584 a0:65584 a1:0
Tick:  480 | PC: 0050 | Act: STALL      | t0:65584 a0:65584 a1:0
Tick:  481 | PC: 0050 | Act: STALL      | t0:65584 a0:65584 a1:0
Tick:  482 | PC: 0050 | Act: STALL      | t0:65584 a0:65584 a1:0
Tick:  483 | PC: 0050 | Act: STALL      | t0:65584 a0:65584 a1:0
Tick:  484 | PC: 0050 | Act: STALL      | t0:65584 a0:65584 a1:0
Tick:  485 | PC: 0050 | Act: 0x00030863 | t0:65584 a0:65584 a1:0
Tick:  486 | PC: 0054 | Act: 0x00603073 | t0:65584 a0:65584 a1:0
Tick:  487 | PC: 0058 | Act: 0x00428293 | t0:65588 a0:65584 a1:0
Tick:  488 | PC: 005C | Act: 0xFF1FF06F | t0:65588 a0:65584 a1:0
Tick:  489 | PC: 004C | Act: 0x0002A303 | t0:65588 a0:65584 a1:0
Tick:  490 | PC: 0050 | Act: STALL      | t0:65588 a0:65584 a1:0
Tick:  491 | PC: 0050 | Act: STALL      | t0:65588 a0:65584 a1:0
Tick:  492 | PC: 0050 | Act: STALL      | t0:65588 a0:65584 a1:0
Tick:  493 | PC: 0050 | Act: STALL      | t0:65588 a0:65584 a1:0
Tick:  494 | PC: 0050 | Act: STALL      | t0:65588 a0:65584 a1:0
Tick:  495 | PC: 0050 | Act: STALL      | t0:65588 a0:65584 a1:0
Tick:  496 | PC: 0050 | Act: STALL      | t0:65588 a0:65584 a1:0
Tick:  497 | PC: 0050 | Act: STALL      | t0:65588 a0:65584 a1:0
Tick:  498 | PC: 0050 | Act: STALL      | t0:65588 a0:65584 a1:0
Tick:  499 | PC: 0050 | Act: STALL      | t0:65588 a0:65584 a1:0
Tick:  500 | PC: 0050 | Act: 0x00030863 | t0:65588 a0:65584 a1:0
Tick:  501 | PC: 0054 | Act: 0x00603073 | t0:65588 a0:65584 a1:0
Tick:  502 | PC: 0058 | Act: 0x00428293 | t0:65592 a0:65584 a1:0
Tick:  503 | PC: 005C | Act: 0xFF1FF06F | t0:65592 a0:65584 a1:0
Tick:  504 | PC: 004C | Act: 0x0002A303 | t0:65592 a0:65584 a1:0
Tick:  505 | PC: 0050 | Act: STALL      | t0:65592 a0:65584 a1:0
Tick:  506 | PC: 0050 | Act: 0x00030863 | t0:65592 a0:65584 a1:0
Tick:  507 | PC: 0054 | Act: 0x00603073 | t0:65592 a0:65584 a1:0
Tick:  508 | PC: 0058 | Act: 0x00428293 | t0:65596 a0:65584 a1:0
Tick:  509 | PC: 005C | Act: 0xFF1FF06F | t0:65596 a0:65584 a1:0
Tick:  510 | PC: 004C | Act: 0x0002A303 | t0:65596 a0:65584 a1:0
Tick:  511 | PC: 0050 | Act: STALL      | t0:65596 a0:65584 a1:0
Tick:  512 | PC: 0050 | Act: STALL      | t0:65596 a0:65584 a1:0
Tick:  513 | PC: 0050 | Act: STALL      | t0:65596 a0:65584 a1:0
Tick:  514 | PC: 0050 | Act: STALL      | t0:65596 a0:65584 a1:0
Tick:  515 | PC: 0050 | Act: STALL      | t0:65596 a0:65584 a1:0
Tick:  516 | PC: 0050 | Act: STALL      | t0:65596 a0:65584 a1:0
Tick:  517 | PC: 0050 | Act: STALL      | t0:65596 a0:65584 a1:0
Tick:  518 | PC: 0050 | Act: STALL      | t0:65596 a0:65584 a1:0
Tick:  519 | PC: 0050 | Act: STALL      | t0:65596 a0:65584 a1:0
Tick:  520 | PC: 0050 | Act: STALL      | t0:65596 a0:65584 a1:0
Tick:  521 | PC: 0050 | Act: 0x00030863 | t0:65596 a0:65584 a1:0
Tick:  522 | PC: 0054 | Act: 0x00603073 | t0:65596 a0:65584 a1:0
Tick:  523 | PC: 0058 | Act: 0x00428293 | t0:65600 a0:65584 a1:0
Tick:  524 | PC: 005C | Act: 0xFF1FF06F | t0:65600 a0:65584 a1:0
Tick:  525 | PC: 004C | Act: 0x0002A303 | t0:65600 a0:65584 a1:0
Tick:  526 | PC: 0050 | Act: STALL      | t0:65600 a0:65584 a1:0
Tick:  527 | PC: 0050 | Act: STALL      | t0:65600 a0:65584 a1:0
Tick:  528 | PC: 0050 | Act: STALL      | t0:65600 a0:65584 a1:0
Tick:  529 | PC: 0050 | Act: STALL      | t0:65600 a0:65584 a1:0
Tick:  530 | PC: 0050 | Act: STALL      | t0:65600 a0:65584 a1:0
Tick:  531 | PC: 0050 | Act: STALL      | t0:65600 a0:65584 a1:0
Tick:  532 | PC: 0050 | Act: STALL      | t0:65600 a0:65584 a1:0
Tick:  533 | PC: 0050 | Act: STALL      | t0:65600 a0:65584 a1:0
Tick:  534 | PC: 0050 | Act: STALL      | t0:65600 a0:65584 a1:0
Tick:  535 | PC: 0050 | Act: STALL      | t0:65600 a0:65584 a1:0
Tick:  536 | PC: 0050 | Act: 0x00030863 | t0:65600 a0:65584 a1:0
Tick:  537 | PC: 0054 | Act: 0x00603073 | t0:65600 a0:65584 a1:0
Tick:  538 | PC: 0058 | Act: 0x00428293 | t0:65604 a0:65584 a1:0
Tick:  539 | PC: 005C | Act: 0xFF1FF06F | t0:65604 a0:65584 a1:0
Tick:  540 | PC: 004C | Act: 0x0002A303 | t0:65604 a0:65584 a1:0
Tick:  541 | PC: 0050 | Act: STALL      | t0:65604 a0:65584 a1:0
Tick:  542 | PC: 0050 | Act: STALL      | t0:65604 a0:65584 a1:0
Tick:  543 | PC: 0050 | Act: STALL      | t0:65604 a0:65584 a1:0
Tick:  544 | PC: 0050 | Act: STALL      | t0:65604 a0:65584 a1:0
Tick:  545 | PC: 0050 | Act: STALL      | t0:65604 a0:65584 a1:0
Tick:  546 | PC: 0050 | Act: STALL      | t0:65604 a0:65584 a1:0
Tick:  547 | PC: 0050 | Act: STALL      | t0:65604 a0:65584 a1:0
Tick:  548 | PC: 0050 | Act: STALL      | t0:65604 a0:65584 a1:0
Tick:  549 | PC: 0050 | Act: STALL      | t0:65604 a0:65584 a1:0
Tick:  550 | PC: 0050 | Act: STALL      | t0:65604 a0:65584 a1:0
Tick:  551 | PC: 0050 | Act: 0x00030863 | t0:65604 a0:65584 a1:0
Tick:  552 | PC: 0060 | Act: 0x00008067 | t0:65604 a0:65584 a1:0
Tick:  553 | PC: 0044 | Act: HALT       | t0:65604 a0:65584 a1:0