0x00010000 - 08000100 - .word args
0x00010004 - 00000000 - .word 0
0x00010008 - 00000000 - .word 0, 0, 0, 0
0x0001000C - 00000000 -
0x00010010 - 00000000 -
0x00010014 - 00000000 -
0x00000000 - 0080006F - jal zero, start
0x00000004 - 06C0006F - jal zero, isr
0x00000008 - 00100073 - ei
0x0000000C - 000102B7 - lui t0, %hi(input_count)
0x00000010 - 00428293 - addi t0, t0, %lo(input_count)
0x00000014 - 0002A303 - lw t1, 0(t0)
0x00000018 - 00400393 - addi t2, zero, 4
0x0000001C - FE7318E3 - bne t1, t2, wait_input
0x00000020 - 00200073 - di
0x00000024 - 000102B7 - lui t0, %hi(args)
0x00000028 - 00828293 - addi t0, t0, %lo(args)
0x0000002C - 0002A583 - lw a1, 0(t0)
0x00000030 - 0042A503 - lw a0, 4(t0)
0x00000034 - 0082A683 - lw a3, 8(t0)
0x00000038 - 00C2A603 - lw a2, 12(t0)
0x0000003C - 00C50433 - add s0, a0, a2
0x00000040 - 00D584B3 - add s1, a1, a3
0x00000044 - 00A46463 - bltu s0, a0, carry
0x00000048 - 0080006F - jal zero, done
0x0000004C - 00148493 - addi s1, s1, 1
0x00000050 - 00048513 - addi a0, s1, 0
0x00000054 - 010000EF - jal ra, print_char
0x00000058 - 00040513 - addi a0, s0, 0
0x0000005C - 008000EF - jal ra, print_char
0x00000060 - 00000073 - halt
0x00000064 - 03050513 - addi a0, a0, 48
0x00000068 - 00A03073 - out a0, 0
0x0000006C - 00008067 - jal zero, 0(ra)
0x00000070 - 00102F73 - in t5, 1
0x00000074 - 00010FB7 - lui t6, %hi(array_ptr)
0x00000078 - 000F8F93 - addi t6, t6, %lo(array_ptr)
0x0000007C - 000FAE83 - lw t4, 0(t6)
0x00000080 - 01EEA023 - sw t5, 0(t4)
0x00000084 - 004E8E93 - addi t4, t4, 4
0x00000088 - 01DFA023 - sw t4, 0(t6)
0x0000008C - 00010FB7 - lui t6, %hi(input_count)
0x00000090 - 004F8F93 - addi t6, t6, %lo(input_count)
0x00000094 - 000FAF03 - lw t5, 0(t6)
0x00000098 - 001F0F13 - addi t5, t5, 1
0x0000009C - 01EFA023 - sw t5, 0(t6)
0x000000A0 - 30200073 - iret